Building V2.1 predictor | BTCUSD | peers=ETHUSD,EURUSD,QQQ,XAUUSD
Predictor ready | features=62 feature_rows=110437 training_rows=110371
[01/30] 2026-01-05 00:00Z
[02/30] 2026-01-05 15:40Z
[03/30] 2026-01-06 07:25Z
[04/30] 2026-01-06 23:05Z
[05/30] 2026-01-07 14:50Z
[06/30] 2026-01-08 06:35Z
[07/30] 2026-01-08 22:15Z
[08/30] 2026-01-09 14:00Z
[09/30] 2026-01-10 05:45Z
[10/30] 2026-01-10 21:25Z
[11/30] 2026-01-11 13:10Z
[12/30] 2026-01-12 04:55Z
[13/30] 2026-01-12 20:35Z
[14/30] 2026-01-13 12:20Z
[15/30] 2026-01-14 04:05Z
[16/30] 2026-01-14 19:45Z
[17/30] 2026-01-15 11:30Z
[18/30] 2026-01-16 03:15Z
[19/30] 2026-01-16 18:55Z
[20/30] 2026-01-17 10:40Z
[21/30] 2026-01-18 02:25Z
[22/30] 2026-01-18 18:05Z
[23/30] 2026-01-19 09:50Z
[24/30] 2026-01-20 01:35Z
[25/30] 2026-01-20 17:15Z
[26/30] 2026-01-21 09:00Z
[27/30] 2026-01-22 00:45Z
[28/30] 2026-01-22 16:25Z
[29/30] 2026-01-23 08:10Z
[30/30] 2026-01-23 23:55Z

Economic summary
Actionable=0 positive=0 nonpositive=0 no_trade=30
Win rate=n/a
Expectancy=n/a

Ranking summary
Scored=30 blocked_feature=0 blocked_event=0
spearman_p_long_vs_realized_long: -0.0358
spearman_p_short_vs_realized_short: +0.1586
spearman_ev_long_vs_realized_long: +0.1844
spearman_ev_short_vs_realized_short: +0.1279
top_20pct_p_long_mean_realized_bps: +3.5041
top_20pct_p_short_mean_realized_bps: +13.8887
top_20pct_ev_long_mean_realized_bps: -2.4095
top_20pct_ev_short_mean_realized_bps: +5.4852
Economic JSON: evidence/v22/v21_paired_results/BTCUSD_E_ECONOMIC.json
Ranking JSON: evidence/v22/v21_paired_results/BTCUSD_E_RANKING.json
