Building V2.1 predictor | ETHUSD | peers=BTCUSD,EURUSD,QQQ,XAUUSD
Predictor ready | features=62 feature_rows=110974 training_rows=110950
[01/30] 2025-11-03 00:00Z
[02/30] 2025-11-03 15:40Z
[03/30] 2025-11-04 07:25Z
[04/30] 2025-11-04 23:05Z
[05/30] 2025-11-05 14:50Z
[06/30] 2025-11-06 06:35Z
[07/30] 2025-11-06 22:15Z
[08/30] 2025-11-07 14:00Z
[09/30] 2025-11-08 05:45Z
[10/30] 2025-11-08 21:25Z
[11/30] 2025-11-09 13:10Z
[12/30] 2025-11-10 04:55Z
[13/30] 2025-11-10 20:35Z
[14/30] 2025-11-11 12:20Z
[15/30] 2025-11-12 04:05Z
[16/30] 2025-11-12 19:45Z
[17/30] 2025-11-13 11:30Z
[18/30] 2025-11-14 03:15Z
[19/30] 2025-11-14 18:55Z
[20/30] 2025-11-15 10:40Z
[21/30] 2025-11-16 02:25Z
[22/30] 2025-11-16 18:05Z
[23/30] 2025-11-17 09:50Z
[24/30] 2025-11-18 01:35Z
[25/30] 2025-11-18 17:15Z
[26/30] 2025-11-19 09:00Z
[27/30] 2025-11-20 00:45Z
[28/30] 2025-11-20 16:25Z
[29/30] 2025-11-21 08:10Z
[30/30] 2025-11-21 23:55Z

Economic summary
Actionable=1 positive=1 nonpositive=0 no_trade=29
Win rate=100.00%
Expectancy=+11.945 bp

Ranking summary
Scored=30 blocked_feature=0 blocked_event=0
spearman_p_long_vs_realized_long: -0.1275
spearman_p_short_vs_realized_short: -0.0923
spearman_ev_long_vs_realized_long: -0.2151
spearman_ev_short_vs_realized_short: -0.2570
top_20pct_p_long_mean_realized_bps: -28.3570
top_20pct_p_short_mean_realized_bps: -12.3785
top_20pct_ev_long_mean_realized_bps: -14.7822
top_20pct_ev_short_mean_realized_bps: +15.4502
Economic JSON: evidence/v22/v21_paired_results/ETHUSD_D_ECONOMIC.json
Ranking JSON: evidence/v22/v21_paired_results/ETHUSD_D_RANKING.json
