===== V2.3 PHASE 0B OHLC CANONICALIZATION =====
SPY  rows= 20676 mutations=  0 raw_sha256=dc901a657d4b2648472b4a116b47acf5eefbdae4783ae3b2c77ef1488d290a41 canonical_sha256=e383a83ed7a9921201238df2b1a82f70a1a6a9d1429f59c47807f2e25af4662a
IWM  rows= 20676 mutations=  1 raw_sha256=1f455830023efba185375ccf55d7741ec8f577fee94d763dc64f5d352cae3a53 canonical_sha256=ecc96d89f16203200ea44c1bfd117f1bceea0e3e17050d47a11002da081bb815
DIA  rows= 20676 mutations=  0 raw_sha256=e326fb51474f03c11187259659e5a0d9230e24ccdb8212d5998cf8b213903063 canonical_sha256=63d5f5894bf1a5ef6450b512df8602d2c90523a2cc9cec72a26f9e0e6001bb88
TLT  rows= 20676 mutations= 12 raw_sha256=fd66502b16c9e62a6a6d2bf67d378cb1b66813263b9ab5a098686315584606a3 canonical_sha256=f15f5f7c5b6fe85330081bb87a95db01036e66f36bd8a1221674ae32606d6f23
HYG  rows= 20676 mutations=  0 raw_sha256=48cade3c0ce2da487e90f86145218b168a73596e591a770f38b3a124a13d4103 canonical_sha256=76c8ef882bdecb8f31fd5b9153c3adf980992242ba65ad8d0d421910e72e4f79
LQD  rows= 20676 mutations=  0 raw_sha256=a04663371aebec56465e1c053d79a27d2d4fef2ffae1bfc89832d0efbdddf6a1 canonical_sha256=86f3acd59b1815bfb0b387d62eb0065e55e4e678af7d4abf69468c874af5600c
GLD  rows= 20676 mutations=  3 raw_sha256=d1572c68c9b53f52b8d6a595b8ba1ac6130d572caebd397d5c58e144afb7491f canonical_sha256=b45d74ed194aaf96e42552da117052f1b895e8865b5e554d1988283fd05c0f74
SLV  rows= 20676 mutations=  0 raw_sha256=f2a55c76065be48632f62f6569c3eedbdc07728bba91fcddb533b6a0de8c64e2 canonical_sha256=ceab023719490237b4164f4ed3019c44f5e8aa989322575d8e366452e3bb2547
USO  rows= 20675 mutations=  0 raw_sha256=ff3d7d08ae2bd280e9e5e04afa8e7880272c841a244f7c2969d0c2364ec3e2d3 canonical_sha256=4635f78f001261ef9218745ed4303d37116946cd447672d9512e15e17d986a89
UUP  rows= 19874 mutations= 25 raw_sha256=7779c0e0795d90b6e03cdde8fc71f2bd7f9e08a74a3bcf15e69d3f61ef9d59a9 canonical_sha256=4dc62556cb4274ff93c9a354e5f8fa444aa547fd5429936b81954dcabea83ecc
XLK  rows= 20675 mutations=  0 raw_sha256=af54aaaef0a93139f7444eac2b001f679a852db92469cb8f0fa7f0eda57da05f canonical_sha256=95e619a6ee0280f50b8f3fc86b136b06eaa4fa7dddf2d5844c23f6056fb20200
XLF  rows= 20676 mutations=  0 raw_sha256=7483da8b980ce11e4062284f269c56951591d40b634de8b6c6b3530499780164 canonical_sha256=fb7122347c70a73e1d4ba4cd9c80320f4b65bb0aa186e261d53afa2cf6041914
XLE  rows= 20675 mutations=  0 raw_sha256=1ba9a5440f5065297c59767a66f4fa1560905f09624e7e506c64420a933f1a7e canonical_sha256=5a4f1ea2d3afb84d86a35ffec5d1a2b2bcdd662547ef01ac9f8ff836981e54a8
XLI  rows= 20676 mutations=  2 raw_sha256=d90cef9bc65923b5db404d70b998bf2bfe8c308b64d8a8ed22eb833be160f69d canonical_sha256=ec588eb48e5c3d064c82453259ec2a8d489a786588bc4fff7978cbc678f72bc7
XLY  rows= 20676 mutations=  0 raw_sha256=2172be034c795f0b81a0bf5cef7f30b9d2cfceb1f2c62d14694f742d61845d3f canonical_sha256=5eb4318c1d33c8480160ee43370f1722718650733003a7b39d8c951af1cbef1b
XLP  rows= 20675 mutations=  0 raw_sha256=9606a5360cf889a36362fd42e517945791ddfe242a327961d3c6ca27d2082138 canonical_sha256=d135b24990a75e92252675f5635f31d883ee15f0c939f5b70bdb1aa5f399f704
XLV  rows= 20675 mutations=  0 raw_sha256=3e8beb7ed5aca143dc7ddf95235ef8af00bee1622bde5ea9a683b86cc843dec1 canonical_sha256=d2eee3cb84c6d7414aa37f869e06f764146f05de0b9f4529ac9a079c24c4c80b
total_mutations=43
max_adjustment_bps=5.0
raw_files_modified=NO
status=PASS
Output: evidence/v23/phase0b/V23_PHASE0B_OHLC_CANONICALIZATION.json
