Building V2.2 predictor | BTCUSD | peers=ETHUSD,EURUSD,QQQ,XAUUSD
Macro ledger rows=712 summary={'CPIAUCSL': 90, 'CPILFESL': 90, 'PAYEMS': 160, 'PCEPI': 163, 'PCEPILFE': 164, 'UNRATE': 45}
Predictor ready | features=86 feature_rows=110437 training_rows=110371
[01/30] 2025-11-03 00:00Z
[02/30] 2025-11-03 15:40Z
[03/30] 2025-11-04 07:25Z
[04/30] 2025-11-04 23:05Z
[05/30] 2025-11-05 14:50Z
[06/30] 2025-11-06 06:35Z
[07/30] 2025-11-06 22:15Z
[08/30] 2025-11-07 14:00Z
[09/30] 2025-11-08 05:45Z
[10/30] 2025-11-08 21:25Z
[11/30] 2025-11-09 13:10Z
[12/30] 2025-11-10 04:55Z
[13/30] 2025-11-10 20:35Z
[14/30] 2025-11-11 12:20Z
[15/30] 2025-11-12 04:05Z
[16/30] 2025-11-12 19:45Z
[17/30] 2025-11-13 11:30Z
[18/30] 2025-11-14 03:15Z
[19/30] 2025-11-14 18:55Z
[20/30] 2025-11-15 10:40Z
[21/30] 2025-11-16 02:25Z
[22/30] 2025-11-16 18:05Z
[23/30] 2025-11-17 09:50Z
[24/30] 2025-11-18 01:35Z
[25/30] 2025-11-18 17:15Z
[26/30] 2025-11-19 09:00Z
[27/30] 2025-11-20 00:45Z
[28/30] 2025-11-20 16:25Z
[29/30] 2025-11-21 08:10Z
[30/30] 2025-11-21 23:55Z

Economic summary
Actionable=1 positive=0 nonpositive=1 no_trade=29
Win rate=0.00%
Expectancy=-36.811 bp
Profit factor=0.000

Ranking summary
Scored=30 blocked_feature=0 blocked_event=0 unavailable_training=0 unavailable_other=0
spearman_p_long_vs_realized_long: -0.4349
spearman_p_short_vs_realized_short: +0.0930
spearman_ev_long_vs_realized_long: +0.0105
spearman_ev_short_vs_realized_short: +0.0990
top_20pct_p_long_mean_realized_bps: -22.0967
top_20pct_p_short_mean_realized_bps: +21.4050
top_20pct_ev_long_mean_realized_bps: -9.4638
top_20pct_ev_short_mean_realized_bps: +14.2976
Economic JSON: evidence/v22/results/BTCUSD_D_ECONOMIC.json
Ranking JSON: evidence/v22/results/BTCUSD_D_RANKING.json
