Building V2.2 predictor | QQQ | peers=BTCUSD,ETHUSD,EURUSD,XAUUSD
Macro ledger rows=712 summary={'CPIAUCSL': 90, 'CPILFESL': 90, 'PAYEMS': 160, 'PCEPI': 163, 'PCEPILFE': 164, 'UNRATE': 45}
Predictor ready | features=86 feature_rows=7908 training_rows=6324
[01/30] 2025-11-03 14:30Z
[02/30] 2025-11-03 17:50Z
[03/30] 2025-11-04 14:40Z
[04/30] 2025-11-04 18:00Z
[05/30] 2025-11-05 14:55Z
[06/30] 2025-11-05 18:15Z
[07/30] 2025-11-06 15:05Z
[08/30] 2025-11-06 18:30Z
[09/30] 2025-11-07 15:20Z
[10/30] 2025-11-07 18:40Z
[11/30] 2025-11-10 15:35Z
[12/30] 2025-11-10 18:55Z
[13/30] 2025-11-11 15:45Z
[14/30] 2025-11-11 19:10Z
[15/30] 2025-11-12 16:00Z
[16/30] 2025-11-12 19:20Z
[17/30] 2025-11-13 16:10Z
[18/30] 2025-11-13 19:35Z
[19/30] 2025-11-14 16:25Z
[20/30] 2025-11-14 19:45Z
[21/30] 2025-11-17 16:40Z
[22/30] 2025-11-17 20:00Z
[23/30] 2025-11-18 16:50Z
[24/30] 2025-11-18 20:15Z
[25/30] 2025-11-19 17:05Z
[26/30] 2025-11-19 20:25Z
[27/30] 2025-11-20 17:20Z
[28/30] 2025-11-20 20:40Z
[29/30] 2025-11-21 17:30Z
[30/30] 2025-11-21 20:55Z

Economic summary
Actionable=0 positive=0 nonpositive=0 no_trade=20
Win rate=n/a
Expectancy=n/a
Profit factor=n/a

Ranking summary
Scored=0 blocked_feature=18 blocked_event=2 unavailable_training=10 unavailable_other=0
spearman_p_long_vs_realized_long: n/a
spearman_p_short_vs_realized_short: n/a
spearman_ev_long_vs_realized_long: n/a
spearman_ev_short_vs_realized_short: n/a
top_20pct_p_long_mean_realized_bps: n/a
top_20pct_p_short_mean_realized_bps: n/a
top_20pct_ev_long_mean_realized_bps: n/a
top_20pct_ev_short_mean_realized_bps: n/a
Economic JSON: evidence/v22/results/QQQ_D_ECONOMIC.json
Ranking JSON: evidence/v22/results/QQQ_D_RANKING.json
