Building V2.2 predictor | XAUUSD | peers=BTCUSD,ETHUSD,EURUSD,QQQ
Macro ledger rows=712 summary={'CPIAUCSL': 90, 'CPILFESL': 90, 'PAYEMS': 160, 'PCEPI': 163, 'PCEPILFE': 164, 'UNRATE': 45}
Predictor ready | features=86 feature_rows=74837 training_rows=74340
[01/30] 2025-11-03 00:00Z
[02/30] 2025-11-03 12:20Z
[03/30] 2025-11-04 00:45Z
[04/30] 2025-11-04 13:10Z
[05/30] 2025-11-05 01:35Z
[06/30] 2025-11-05 14:00Z
[07/30] 2025-11-06 02:25Z
[08/30] 2025-11-06 14:50Z
[09/30] 2025-11-07 03:15Z
[10/30] 2025-11-07 15:40Z
[11/30] 2025-11-10 04:05Z
[12/30] 2025-11-10 16:30Z
[13/30] 2025-11-11 04:55Z
[14/30] 2025-11-11 17:20Z
[15/30] 2025-11-12 05:45Z
[16/30] 2025-11-12 18:05Z
[17/30] 2025-11-13 06:30Z
[18/30] 2025-11-13 18:55Z
[19/30] 2025-11-14 07:20Z
[20/30] 2025-11-14 19:45Z
[21/30] 2025-11-17 08:10Z
[22/30] 2025-11-17 20:35Z
[23/30] 2025-11-18 09:00Z
[24/30] 2025-11-18 21:25Z
[25/30] 2025-11-19 09:50Z
[26/30] 2025-11-19 22:15Z
[27/30] 2025-11-20 10:40Z
[28/30] 2025-11-20 23:05Z
[29/30] 2025-11-21 11:30Z
[30/30] 2025-11-21 23:55Z

Economic summary
Actionable=0 positive=0 nonpositive=0 no_trade=30
Win rate=n/a
Expectancy=n/a
Profit factor=n/a

Ranking summary
Scored=28 blocked_feature=1 blocked_event=1 unavailable_training=0 unavailable_other=0
spearman_p_long_vs_realized_long: -0.1024
spearman_p_short_vs_realized_short: +0.1182
spearman_ev_long_vs_realized_long: +0.2436
spearman_ev_short_vs_realized_short: +0.3016
top_20pct_p_long_mean_realized_bps: +4.6448
top_20pct_p_short_mean_realized_bps: +0.2227
top_20pct_ev_long_mean_realized_bps: +7.2617
top_20pct_ev_short_mean_realized_bps: +2.3645
Economic JSON: evidence/v22/results/XAUUSD_D_ECONOMIC.json
Ranking JSON: evidence/v22/results/XAUUSD_D_RANKING.json
